// Jest Snapshot v1, https://goo.gl/fbAQLP

exports[`Cardlist component should render without crashing 1`] = `ShallowWrapper {}`;
