// Jest Snapshot v1, https://goo.gl/fbAQLP

exports[`Mainpage component should renders without crashing 1`] = `ShallowWrapper {}`;
